Screen.hpp:104:18:virtual void touchgfx::Screen::afterTransition()	0	static
Screen.hpp:154:18:virtual void touchgfx::Screen::handleKeyEvent(uint8_t)	0	static
DEBUGView.cpp:15:6:virtual void DEBUGView::tearDownScreen()	0	static
DEBUGView.hpp:11:13:DEBUGView::~DEBUGView()	8	static
DEBUGView.hpp:11:13:virtual DEBUGView::~DEBUGView()	8	static
Box.hpp:97:18:virtual void touchgfx::Box::invalidateContent() const	0	static
DEBUGView.cpp:5:1:DEBUGView::DEBUGView()	8	static
FadeAnimator.hpp:122:10:void touchgfx::FadeAnimator<T>::startFadeAnimation(uint8_t, uint16_t, touchgfx::EasingEquation) [with T = touchgfx::Box]	24	static
DEBUGView.cpp:20:6:virtual void DEBUGView::TransitionBegin_Debug()	8	static
DEBUGView.cpp:27:6:virtual void DEBUGView::TransitionEnd_Debug()	8	static
MoveAnimator.hpp:177:10:void touchgfx::MoveAnimator<T>::nextMoveAnimationStep() [with T = LoRA_PopUp]	24	static
DEBUGView.cpp:10:6:virtual void DEBUGView::setupScreen()	0	static
DEBUGView.cpp:33:6:virtual void DEBUGView::LORA_Begin()	16	static
DEBUGView.cpp:47:6:virtual void DEBUGView::LORA_End()	16	static
