Screen.hpp:104:18:virtual void touchgfx::Screen::afterTransition()	0	static
Screen.hpp:154:18:virtual void touchgfx::Screen::handleKeyEvent(uint8_t)	0	static
SAFETYView.cpp:14:6:virtual void SAFETYView::tearDownScreen()	0	static
SAFETYView.hpp:11:13:SAFETYView::~SAFETYView()	8	static
SAFETYView.hpp:11:13:virtual SAFETYView::~SAFETYView()	8	static
Drawable.hpp:588:18:virtual void touchgfx::Drawable::moveTo(int16_t, int16_t)	4	static
Box.hpp:97:18:virtual void touchgfx::Box::invalidateContent() const	0	static
SAFETYView.cpp:5:1:SAFETYView::SAFETYView()	8	static
FadeAnimator.hpp:122:10:void touchgfx::FadeAnimator<T>::startFadeAnimation(uint8_t, uint16_t, touchgfx::EasingEquation) [with T = touchgfx::Box]	24	static
SAFETYView.cpp:28:6:virtual void SAFETYView::TransitionEnd_Safety()	8	static
MoveAnimator.hpp:177:10:void touchgfx::MoveAnimator<T>::nextMoveAnimationStep() [with T = STACK_1_PopUp]	24	static
MoveAnimator.hpp:177:10:void touchgfx::MoveAnimator<T>::nextMoveAnimationStep() [with T = STACK_2_PopUp]	24	static
MoveAnimator.hpp:177:10:void touchgfx::MoveAnimator<T>::nextMoveAnimationStep() [with T = STACK_3_PopUp]	24	static
MoveAnimator.hpp:177:10:void touchgfx::MoveAnimator<T>::nextMoveAnimationStep() [with T = STACK_4_PopUp]	24	static
MoveAnimator.hpp:177:10:void touchgfx::MoveAnimator<T>::nextMoveAnimationStep() [with T = STACK_5_PopUp]	24	static
MoveAnimator.hpp:177:10:void touchgfx::MoveAnimator<T>::nextMoveAnimationStep() [with T = LoRA_PopUp]	24	static
SAFETYView.cpp:9:6:virtual void SAFETYView::setupScreen()	0	static
SAFETYView.cpp:19:6:virtual void SAFETYView::TransitionBegin_Safety()	8	static
SAFETYView.cpp:34:6:virtual void SAFETYView::STACK_1_Begin()	16	static
SAFETYView.cpp:49:6:virtual void SAFETYView::STACK_1_End()	16	static
SAFETYView.cpp:60:6:virtual void SAFETYView::STACK_2_Begin()	16	static
SAFETYView.cpp:74:6:virtual void SAFETYView::STACK_2_End()	16	static
SAFETYView.cpp:85:6:virtual void SAFETYView::STACK_3_Begin()	16	static
SAFETYView.cpp:99:6:virtual void SAFETYView::STACK_3_End()	16	static
SAFETYView.cpp:110:6:virtual void SAFETYView::STACK_4_Begin()	16	static
SAFETYView.cpp:124:6:virtual void SAFETYView::STACK_4_End()	16	static
SAFETYView.cpp:135:6:virtual void SAFETYView::STACK_5_Begin()	16	static
SAFETYView.cpp:149:6:virtual void SAFETYView::STACK_5_End()	16	static
SAFETYView.cpp:160:6:virtual void SAFETYView::LORA_Begin()	16	static
SAFETYView.cpp:174:6:virtual void SAFETYView::LORA_End()	16	static
