C:/TouchGFXProjects/Display_NK624/CM7/Core/Src/main.c:118:5:main	32	static,ignoring_inline_asm
C:/TouchGFXProjects/Display_NK624/CM7/Core/Src/main.c:250:6:SystemClock_Config	120	static
C:/TouchGFXProjects/Display_NK624/CM7/Core/Src/main.c:312:13:MX_CRC_Init	8	static
C:/TouchGFXProjects/Display_NK624/CM7/Core/Src/main.c:343:13:MX_DMA2D_Init	8	static
C:/TouchGFXProjects/Display_NK624/CM7/Core/Src/main.c:372:13:MX_JPEG_Init	8	static
C:/TouchGFXProjects/Display_NK624/CM7/Core/Src/main.c:398:13:MX_LTDC_Init	64	static
C:/TouchGFXProjects/Display_NK624/CM7/Core/Src/main.c:460:13:MX_QUADSPI_Init	8	static
C:/TouchGFXProjects/Display_NK624/CM7/Core/Src/main.c:492:13:MX_MDMA_Init	16	static
C:/TouchGFXProjects/Display_NK624/CM7/Core/Src/main.c:507:6:MX_FMC_Init	40	static
C:/TouchGFXProjects/Display_NK624/CM7/Core/Src/main.c:558:13:MX_GPIO_Init	72	static
C:/TouchGFXProjects/Display_NK624/CM7/Core/Src/main.c:629:6:StartDefaultTask	16	static
C:/TouchGFXProjects/Display_NK624/CM7/Core/Src/main.c:647:13:TouchGFX_Task	16	static
C:/TouchGFXProjects/Display_NK624/CM7/Core/Src/main.c:660:6:MPU_Config	24	static
C:/TouchGFXProjects/Display_NK624/CM7/Core/Src/main.c:703:6:HAL_TIM_PeriodElapsedCallback	16	static
C:/TouchGFXProjects/Display_NK624/CM7/Core/Src/main.c:720:6:Error_Handler	4	static,ignoring_inline_asm
