C:/TouchGFXProjects/Display_NK624/CM7/Core/Src/main.c:191:5:main	11
C:/TouchGFXProjects/Display_NK624/CM7/Core/Src/main.c:344:6:SystemClock_Config	4
C:/TouchGFXProjects/Display_NK624/CM7/Core/Src/main.c:406:13:MX_CRC_Init	2
C:/TouchGFXProjects/Display_NK624/CM7/Core/Src/main.c:437:13:MX_DMA2D_Init	3
C:/TouchGFXProjects/Display_NK624/CM7/Core/Src/main.c:477:13:MX_FDCAN2_Init	2
C:/TouchGFXProjects/Display_NK624/CM7/Core/Src/main.c:530:13:MX_JPEG_Init	2
C:/TouchGFXProjects/Display_NK624/CM7/Core/Src/main.c:556:13:MX_LTDC_Init	3
C:/TouchGFXProjects/Display_NK624/CM7/Core/Src/main.c:618:13:MX_QUADSPI_Init	2
C:/TouchGFXProjects/Display_NK624/CM7/Core/Src/main.c:650:13:MX_MDMA_Init	1
C:/TouchGFXProjects/Display_NK624/CM7/Core/Src/main.c:665:6:MX_FMC_Init	2
C:/TouchGFXProjects/Display_NK624/CM7/Core/Src/main.c:716:13:MX_GPIO_Init	1
C:/TouchGFXProjects/Display_NK624/CM7/Core/Src/main.c:802:6:StartDefaultTask	1
C:/TouchGFXProjects/Display_NK624/CM7/Core/Src/main.c:822:13:TouchGFX_Task	1
C:/TouchGFXProjects/Display_NK624/CM7/Core/Src/main.c:840:6:osTask_sendCAN	1
C:/TouchGFXProjects/Display_NK624/CM7/Core/Src/main.c:857:6:osTask_DisplayTx	2
C:/TouchGFXProjects/Display_NK624/CM7/Core/Src/main.c:881:6:osTimer_CanBusOFF	3
C:/TouchGFXProjects/Display_NK624/CM7/Core/Src/main.c:895:6:osTimer_BoardDataRATE	1
C:/TouchGFXProjects/Display_NK624/CM7/Core/Src/main.c:912:6:MPU_Config	1
C:/TouchGFXProjects/Display_NK624/CM7/Core/Src/main.c:955:6:HAL_TIM_PeriodElapsedCallback	2
C:/TouchGFXProjects/Display_NK624/CM7/Core/Src/main.c:972:6:Error_Handler	1
