C:/TouchGFXProjects/Display_NK624/CM7/Core/Src/main.c:191:5:main	32	static,ignoring_inline_asm
C:/TouchGFXProjects/Display_NK624/CM7/Core/Src/main.c:344:6:SystemClock_Config	120	static
C:/TouchGFXProjects/Display_NK624/CM7/Core/Src/main.c:406:13:MX_CRC_Init	8	static
C:/TouchGFXProjects/Display_NK624/CM7/Core/Src/main.c:437:13:MX_DMA2D_Init	8	static
C:/TouchGFXProjects/Display_NK624/CM7/Core/Src/main.c:477:13:MX_FDCAN2_Init	8	static
C:/TouchGFXProjects/Display_NK624/CM7/Core/Src/main.c:530:13:MX_JPEG_Init	8	static
C:/TouchGFXProjects/Display_NK624/CM7/Core/Src/main.c:556:13:MX_LTDC_Init	64	static
C:/TouchGFXProjects/Display_NK624/CM7/Core/Src/main.c:618:13:MX_QUADSPI_Init	8	static
C:/TouchGFXProjects/Display_NK624/CM7/Core/Src/main.c:650:13:MX_MDMA_Init	16	static
C:/TouchGFXProjects/Display_NK624/CM7/Core/Src/main.c:665:6:MX_FMC_Init	40	static
C:/TouchGFXProjects/Display_NK624/CM7/Core/Src/main.c:716:13:MX_GPIO_Init	72	static
C:/TouchGFXProjects/Display_NK624/CM7/Core/Src/main.c:802:6:StartDefaultTask	16	static
C:/TouchGFXProjects/Display_NK624/CM7/Core/Src/main.c:822:13:TouchGFX_Task	16	static
C:/TouchGFXProjects/Display_NK624/CM7/Core/Src/main.c:840:6:osTask_sendCAN	16	static
C:/TouchGFXProjects/Display_NK624/CM7/Core/Src/main.c:857:6:osTask_DisplayTx	16	static
C:/TouchGFXProjects/Display_NK624/CM7/Core/Src/main.c:881:6:osTimer_CanBusOFF	16	static
C:/TouchGFXProjects/Display_NK624/CM7/Core/Src/main.c:895:6:osTimer_BoardDataRATE	16	static
C:/TouchGFXProjects/Display_NK624/CM7/Core/Src/main.c:912:6:MPU_Config	24	static
C:/TouchGFXProjects/Display_NK624/CM7/Core/Src/main.c:955:6:HAL_TIM_PeriodElapsedCallback	16	static
C:/TouchGFXProjects/Display_NK624/CM7/Core/Src/main.c:972:6:Error_Handler	4	static,ignoring_inline_asm
