C:/TouchGFXProjects/Display_NK624/CM7/Core/Src/stm32h7xx_it.c:77:6:NMI_Handler	4	static
C:/TouchGFXProjects/Display_NK624/CM7/Core/Src/stm32h7xx_it.c:92:6:HardFault_Handler	4	static
C:/TouchGFXProjects/Display_NK624/CM7/Core/Src/stm32h7xx_it.c:107:6:MemManage_Handler	4	static
C:/TouchGFXProjects/Display_NK624/CM7/Core/Src/stm32h7xx_it.c:122:6:BusFault_Handler	4	static
C:/TouchGFXProjects/Display_NK624/CM7/Core/Src/stm32h7xx_it.c:137:6:UsageFault_Handler	4	static
C:/TouchGFXProjects/Display_NK624/CM7/Core/Src/stm32h7xx_it.c:152:6:DebugMon_Handler	4	static
C:/TouchGFXProjects/Display_NK624/CM7/Core/Src/stm32h7xx_it.c:172:6:TIM6_DAC_IRQHandler	8	static
C:/TouchGFXProjects/Display_NK624/CM7/Core/Src/stm32h7xx_it.c:186:6:LTDC_IRQHandler	8	static
C:/TouchGFXProjects/Display_NK624/CM7/Core/Src/stm32h7xx_it.c:200:6:DMA2D_IRQHandler	8	static
C:/TouchGFXProjects/Display_NK624/CM7/Core/Src/stm32h7xx_it.c:214:6:QUADSPI_IRQHandler	8	static
C:/TouchGFXProjects/Display_NK624/CM7/Core/Src/stm32h7xx_it.c:228:6:JPEG_IRQHandler	8	static
C:/TouchGFXProjects/Display_NK624/CM7/Core/Src/stm32h7xx_it.c:242:6:MDMA_IRQHandler	8	static
