C:/TouchGFXProjects/Display_NK624/CM7/Core/Src/stm32h7xx_hal_msp.c:68:6:HAL_MspInit	16	static
C:/TouchGFXProjects/Display_NK624/CM7/Core/Src/stm32h7xx_hal_msp.c:91:6:HAL_CRC_MspInit	24	static
C:/TouchGFXProjects/Display_NK624/CM7/Core/Src/stm32h7xx_hal_msp.c:113:6:HAL_CRC_MspDeInit	16	static
C:/TouchGFXProjects/Display_NK624/CM7/Core/Src/stm32h7xx_hal_msp.c:135:6:HAL_DMA2D_MspInit	24	static
C:/TouchGFXProjects/Display_NK624/CM7/Core/Src/stm32h7xx_hal_msp.c:160:6:HAL_DMA2D_MspDeInit	16	static
C:/TouchGFXProjects/Display_NK624/CM7/Core/Src/stm32h7xx_hal_msp.c:185:6:HAL_JPEG_MspInit	24	static
C:/TouchGFXProjects/Display_NK624/CM7/Core/Src/stm32h7xx_hal_msp.c:268:6:HAL_JPEG_MspDeInit	16	static
C:/TouchGFXProjects/Display_NK624/CM7/Core/Src/stm32h7xx_hal_msp.c:297:6:HAL_LTDC_MspInit	256	static
C:/TouchGFXProjects/Display_NK624/CM7/Core/Src/stm32h7xx_hal_msp.c:409:6:HAL_LTDC_MspDeInit	16	static
C:/TouchGFXProjects/Display_NK624/CM7/Core/Src/stm32h7xx_hal_msp.c:477:6:HAL_QSPI_MspInit	256	static
C:/TouchGFXProjects/Display_NK624/CM7/Core/Src/stm32h7xx_hal_msp.c:573:6:HAL_QSPI_MspDeInit	16	static
C:/TouchGFXProjects/Display_NK624/CM7/Core/Src/stm32h7xx_hal_msp.c:614:13:HAL_FMC_MspInit	232	static
C:/TouchGFXProjects/Display_NK624/CM7/Core/Src/stm32h7xx_hal_msp.c:723:6:HAL_SDRAM_MspInit	16	static
C:/TouchGFXProjects/Display_NK624/CM7/Core/Src/stm32h7xx_hal_msp.c:735:13:HAL_FMC_MspDeInit	8	static
C:/TouchGFXProjects/Display_NK624/CM7/Core/Src/stm32h7xx_hal_msp.c:807:6:HAL_SDRAM_MspDeInit	16	static
