Screen.hpp:104:18:virtual void touchgfx::Screen::afterTransition()	0	static
Screen.hpp:154:18:virtual void touchgfx::Screen::handleKeyEvent(uint8_t)	0	static
CONTROLView.cpp:14:6:virtual void CONTROLView::tearDownScreen()	0	static
CONTROLView.hpp:11:13:CONTROLView::~CONTROLView()	8	static
CONTROLView.hpp:11:13:virtual CONTROLView::~CONTROLView()	8	static
Box.hpp:97:18:virtual void touchgfx::Box::invalidateContent() const	0	static
CONTROLView.cpp:5:1:CONTROLView::CONTROLView()	8	static
FadeAnimator.hpp:122:10:void touchgfx::FadeAnimator<T>::startFadeAnimation(uint8_t, uint16_t, touchgfx::EasingEquation) [with T = touchgfx::Box]	24	static
CONTROLView.cpp:18:6:virtual void CONTROLView::TransitionEnd_Control()	8	static
MoveAnimator.hpp:177:10:void touchgfx::MoveAnimator<T>::nextMoveAnimationStep() [with T = LoRA_PopUp]	24	static
CONTROLView.cpp:9:6:virtual void CONTROLView::setupScreen()	0	static
CONTROLView.cpp:33:6:virtual void CONTROLView::LORA_Begin()	16	static
CONTROLView.cpp:47:6:virtual void CONTROLView::LORA_End()	16	static
CONTROLView.cpp:24:6:virtual void CONTROLView::TransitionBegin_Control()	16	static
